// Jest Snapshot v1, https://goo.gl/fbAQLP

exports[`Button Should match the snapshot 1`] = `
<div>
  <button
    class="abc secondary"
    type="button"
  >
    xyz
  </button>
</div>
`;
