// Jest Snapshot v1, https://goo.gl/fbAQLP

exports[`Home should match snapshot for theme light 1`] = `
<div>
  <div
    data-testid="home-page"
  />
</div>
`;
