// Jest Snapshot v1, https://goo.gl/fbAQLP

exports[`Cart should match the snapshot 1`] = `
<div>
  <div
    class="Cart__Body"
    data-testid="Cart"
  >
    <div
      class="Cart__Container"
    >
      <div
        class="Cart__Table__Container"
        data-testid="Cart-Table"
      >
        <table
          class="Cart__Table"
        >
          <thead>
            <tr>
              <th
                class="Item__Header"
              >
                Item Description
              </th>
              <th
                class="Item__Header"
              >
                Unit Price
              </th>
              <th
                class="Item__Header"
              >
                Quantity
              </th>
              <th
                class="Item__Header"
              >
                Sub Total
              </th>
            </tr>
          </thead>
          <tbody>
            <tr>
              <td
                class="Row__Header"
                colspan="4"
              >
                Fruits & Vegatables
              </td>
            </tr>
            <tr>
              <td
                class="Item__Row"
              >
                <span
                  class="Brand__Name"
                >
                  Bigbasket
                </span>
                <br />
                grapes
              </td>
              <td
                class="Item__Row"
              >
                50
              </td>
              <td
                class="Item__Row"
              >
                2
              </td>
              <td
                class="Item__Row"
              >
                100
              </td>
            </tr>
          </tbody>
        </table>
      </div>
    </div>
    <div
      class="Checkout__And__Continue__Container"
    >
      <a
        href="/"
      >
        <button
          class="Shop__button"
          type="button"
        >
          Continue Shopping
        </button>
      </a>
      <div
        class="Total__Value"
      >
        <div
          class="Value__Container"
        >
          <h3>
            TOTAL
             
          </h3>
          <h3>
            Rs.
             
            100
          </h3>
        </div>
        <hr />
        <div
          class="Total__Value__container"
        >
          <a
            href="/checkout"
          >
             
            <button
              class="Checkout__button"
              type="button"
            >
              CheckOut
            </button>
          </a>
        </div>
      </div>
    </div>
  </div>
</div>
`;
